Archive member included because of file (symbol)

c:/winavr-20100110/bin/../lib/gcc/avr/4.3.3/avr51\libgcc.a(_udivmodqi4.o)
                              hd44780.o (__udivmodqi4)
c:/winavr-20100110/bin/../lib/gcc/avr/4.3.3/avr51\libgcc.a(_udivmodhi4.o)
                              button7segFunctions.o (__udivmodhi4)
c:/winavr-20100110/bin/../lib/gcc/avr/4.3.3/avr51\libgcc.a(_divmodhi4.o)
                              hd44780.o (__divmodhi4)
c:/winavr-20100110/bin/../lib/gcc/avr/4.3.3/avr51\libgcc.a(_divmodsi4.o)
                              hd44780.o (__divmodsi4)
c:/winavr-20100110/bin/../lib/gcc/avr/4.3.3/avr51\libgcc.a(_exit.o)
                              c:/winavr-20100110/bin/../lib/gcc/avr/4.3.3/../../../../avr/lib/avr51/crtm128.o (exit)
c:/winavr-20100110/bin/../lib/gcc/avr/4.3.3/avr51\libgcc.a(_clear_bss.o)
                              Lab5A.o (__do_clear_bss)
c:/winavr-20100110/bin/../lib/gcc/avr/4.3.3/avr51\libgcc.a(_udivmodsi4.o)
                              c:/winavr-20100110/bin/../lib/gcc/avr/4.3.3/avr51\libgcc.a(_divmodsi4.o) (__udivmodsi4)

Allocating common symbols
Common symbol       size              file

buttonState         0x1               button7segFunctions.o
dec_to_7seg         0xc               button7segFunctions.o
lcd_string_array    0x20              hd44780.o
digitSelect         0x8               button7segFunctions.o
adc_result          0x2               Lab5A.o
i                   0x1               Lab5A.o
lcd_str             0x10              hd44780.o
encoderState        0x1               encoderFunctions.o
segment_data        0x5               button7segFunctions.o

Memory Configuration

Name             Origin             Length             Attributes
text             0x00000000         0x00020000         xr
data             0x00800060         0x0000ffa0         rw !x
eeprom           0x00810000         0x00010000         rw !x
fuse             0x00820000         0x00000400         rw !x
lock             0x00830000         0x00000400         rw !x
signature        0x00840000         0x00000400         rw !x
*default*        0x00000000         0xffffffff

Linker script and memory map

Address of section .data set to 0x800100
LOAD c:/winavr-20100110/bin/../lib/gcc/avr/4.3.3/../../../../avr/lib/avr51/crtm128.o
LOAD Lab5A.o
LOAD hd44780.o
LOAD button7segFunctions.o
LOAD encoderFunctions.o
LOAD c:/winavr-20100110/bin/../lib/gcc/avr/4.3.3/avr51\libgcc.a
LOAD c:/winavr-20100110/bin/../lib/gcc/avr/4.3.3/../../../../avr/lib/avr51\libc.a
LOAD c:/winavr-20100110/bin/../lib/gcc/avr/4.3.3/avr51\libgcc.a

.hash
 *(.hash)

.dynsym
 *(.dynsym)

.dynstr
 *(.dynstr)

.gnu.version
 *(.gnu.version)

.gnu.version_d
 *(.gnu.version_d)

.gnu.version_r
 *(.gnu.version_r)

.rel.init
 *(.rel.init)

.rela.init
 *(.rela.init)

.rel.text
 *(.rel.text)
 *(.rel.text.*)
 *(.rel.gnu.linkonce.t*)

.rela.text
 *(.rela.text)
 *(.rela.text.*)
 *(.rela.gnu.linkonce.t*)

.rel.fini
 *(.rel.fini)

.rela.fini
 *(.rela.fini)

.rel.rodata
 *(.rel.rodata)
 *(.rel.rodata.*)
 *(.rel.gnu.linkonce.r*)

.rela.rodata
 *(.rela.rodata)
 *(.rela.rodata.*)
 *(.rela.gnu.linkonce.r*)

.rel.data
 *(.rel.data)
 *(.rel.data.*)
 *(.rel.gnu.linkonce.d*)

.rela.data
 *(.rela.data)
 *(.rela.data.*)
 *(.rela.gnu.linkonce.d*)

.rel.ctors
 *(.rel.ctors)

.rela.ctors
 *(.rela.ctors)

.rel.dtors
 *(.rel.dtors)

.rela.dtors
 *(.rela.dtors)

.rel.got
 *(.rel.got)

.rela.got
 *(.rela.got)

.rel.bss
 *(.rel.bss)

.rela.bss
 *(.rela.bss)

.rel.plt
 *(.rel.plt)

.rela.plt
 *(.rela.plt)

.text           0x00000000     0x1318
 *(.vectors)
 .vectors       0x00000000       0x8c c:/winavr-20100110/bin/../lib/gcc/avr/4.3.3/../../../../avr/lib/avr51/crtm128.o
                0x00000000                __vectors
                0x00000000                __vector_default
 *(.vectors)
 *(.progmem.gcc*)
 *(.progmem*)
                0x0000008c                . = ALIGN (0x2)
                0x0000008c                __trampolines_start = .
 *(.trampolines)
 .trampolines   0x0000008c        0x0 linker stubs
 *(.trampolines*)
                0x0000008c                __trampolines_end = .
 *(.jumptables)
 *(.jumptables*)
 *(.lowtext)
 *(.lowtext*)
                0x0000008c                __ctors_start = .
 *(.ctors)
                0x0000008c                __ctors_end = .
                0x0000008c                __dtors_start = .
 *(.dtors)
                0x0000008c                __dtors_end = .
 SORT(*)(.ctors)
 SORT(*)(.dtors)
 *(.init0)
 .init0         0x0000008c        0x0 c:/winavr-20100110/bin/../lib/gcc/avr/4.3.3/../../../../avr/lib/avr51/crtm128.o
                0x0000008c                __init
 *(.init0)
 *(.init1)
 *(.init1)
 *(.init2)
 .init2         0x0000008c        0xc c:/winavr-20100110/bin/../lib/gcc/avr/4.3.3/../../../../avr/lib/avr51/crtm128.o
 *(.init2)
 *(.init3)
 *(.init3)
 *(.init4)
 .init4         0x00000098       0x1a c:/winavr-20100110/bin/../lib/gcc/avr/4.3.3/../../../../avr/lib/avr51/crtm128.o
                0x00000098                __do_copy_data
 .init4         0x000000b2       0x10 c:/winavr-20100110/bin/../lib/gcc/avr/4.3.3/avr51\libgcc.a(_clear_bss.o)
                0x000000b2                __do_clear_bss
 *(.init4)
 *(.init5)
 *(.init5)
 *(.init6)
 *(.init6)
 *(.init7)
 *(.init7)
 *(.init8)
 *(.init8)
 *(.init9)
 .init9         0x000000c2        0x8 c:/winavr-20100110/bin/../lib/gcc/avr/4.3.3/../../../../avr/lib/avr51/crtm128.o
 *(.init9)
 *(.text)
 .text          0x000000ca        0x4 c:/winavr-20100110/bin/../lib/gcc/avr/4.3.3/../../../../avr/lib/avr51/crtm128.o
                0x000000ca                __vector_22
                0x000000ca                __vector_28
                0x000000ca                __vector_1
                0x000000ca                __vector_32
                0x000000ca                __vector_34
                0x000000ca                __vector_24
                0x000000ca                __bad_interrupt
                0x000000ca                __vector_6
                0x000000ca                __vector_31
                0x000000ca                __vector_3
                0x000000ca                __vector_23
                0x000000ca                __vector_30
                0x000000ca                __vector_25
                0x000000ca                __vector_11
                0x000000ca                __vector_13
                0x000000ca                __vector_17
                0x000000ca                __vector_19
                0x000000ca                __vector_7
                0x000000ca                __vector_27
                0x000000ca                __vector_5
                0x000000ca                __vector_33
                0x000000ca                __vector_4
                0x000000ca                __vector_9
                0x000000ca                __vector_2
                0x000000ca                __vector_21
                0x000000ca                __vector_15
                0x000000ca                __vector_29
                0x000000ca                __vector_8
                0x000000ca                __vector_26
                0x000000ca                __vector_14
                0x000000ca                __vector_10
                0x000000ca                __vector_18
                0x000000ca                __vector_20
 .text          0x000000ce      0x5fe Lab5A.o
                0x000002c0                stateSwitcher
                0x000001c0                __vector_12
                0x000000ce                spi_init
                0x000001e4                timer_init
                0x000002aa                readADC
                0x00000254                update7Seg
                0x000004a8                main
                0x00000222                adc_init
                0x0000010a                __vector_16
                0x00000452                spiTxRx
 .text          0x000006cc      0x5e8 hd44780.o
                0x00000852                cursor_home
                0x000008ca                fill_spaces
                0x00000962                lcd_int16
                0x000006cc                send_lcd
                0x00000c6c                string2lcd
                0x0000073e                set_cursor
                0x00000832                strobe_lcd
                0x000007fa                cursor_on
                0x00000844                clear_display
                0x00000764                uint2lcd
                0x00000816                shift_right
                0x000008f2                lcd_init
                0x00000824                shift_left
                0x0000086e                refresh_lcd
                0x000008e4                char2lcd
                0x00000808                cursor_off
                0x000006fa                set_custom_character
                0x00000860                home_line2
                0x00000a9e                lcd_int32
                0x000007d2                int2lcd
 .text          0x00000cb4      0x1ce button7segFunctions.o
                0x00000d64                segsum
                0x00000cb4                digit_init
                0x00000e26                toggle_button_bus
                0x00000d26                chk_button
 .text          0x00000e82      0x3b2 encoderFunctions.o
                0x00000e82                checkDirection
                0x00000f96                interpret_encoders
                0x00000ec6                increment
                0x00000f2e                decrement
 .text          0x00001234        0x0 c:/winavr-20100110/bin/../lib/gcc/avr/4.3.3/avr51\libgcc.a(_udivmodqi4.o)
 .text          0x00001234        0x0 c:/winavr-20100110/bin/../lib/gcc/avr/4.3.3/avr51\libgcc.a(_udivmodhi4.o)
 .text          0x00001234        0x0 c:/winavr-20100110/bin/../lib/gcc/avr/4.3.3/avr51\libgcc.a(_divmodhi4.o)
 .text          0x00001234        0x0 c:/winavr-20100110/bin/../lib/gcc/avr/4.3.3/avr51\libgcc.a(_divmodsi4.o)
 .text          0x00001234        0x0 c:/winavr-20100110/bin/../lib/gcc/avr/4.3.3/avr51\libgcc.a(_exit.o)
 .text          0x00001234        0x0 c:/winavr-20100110/bin/../lib/gcc/avr/4.3.3/avr51\libgcc.a(_clear_bss.o)
 .text          0x00001234        0x0 c:/winavr-20100110/bin/../lib/gcc/avr/4.3.3/avr51\libgcc.a(_udivmodsi4.o)
                0x00001234                . = ALIGN (0x2)
 *(.text.*)
 .text.libgcc   0x00001234       0x18 c:/winavr-20100110/bin/../lib/gcc/avr/4.3.3/avr51\libgcc.a(_udivmodqi4.o)
                0x00001234                __udivmodqi4
 .text.libgcc   0x0000124c       0x28 c:/winavr-20100110/bin/../lib/gcc/avr/4.3.3/avr51\libgcc.a(_udivmodhi4.o)
                0x0000124c                __udivmodhi4
 .text.libgcc   0x00001274       0x26 c:/winavr-20100110/bin/../lib/gcc/avr/4.3.3/avr51\libgcc.a(_divmodhi4.o)
                0x00001274                __divmodhi4
                0x00001274                _div
 .text.libgcc   0x0000129a       0x36 c:/winavr-20100110/bin/../lib/gcc/avr/4.3.3/avr51\libgcc.a(_divmodsi4.o)
                0x0000129a                __divmodsi4
 .text.libgcc   0x000012d0        0x0 c:/winavr-20100110/bin/../lib/gcc/avr/4.3.3/avr51\libgcc.a(_exit.o)
 .text.libgcc   0x000012d0        0x0 c:/winavr-20100110/bin/../lib/gcc/avr/4.3.3/avr51\libgcc.a(_clear_bss.o)
 .text.libgcc   0x000012d0       0x44 c:/winavr-20100110/bin/../lib/gcc/avr/4.3.3/avr51\libgcc.a(_udivmodsi4.o)
                0x000012d0                __udivmodsi4
                0x00001314                . = ALIGN (0x2)
 *(.fini9)
 .fini9         0x00001314        0x0 c:/winavr-20100110/bin/../lib/gcc/avr/4.3.3/avr51\libgcc.a(_exit.o)
                0x00001314                exit
                0x00001314                _exit
 *(.fini9)
 *(.fini8)
 *(.fini8)
 *(.fini7)
 *(.fini7)
 *(.fini6)
 *(.fini6)
 *(.fini5)
 *(.fini5)
 *(.fini4)
 *(.fini4)
 *(.fini3)
 *(.fini3)
 *(.fini2)
 *(.fini2)
 *(.fini1)
 *(.fini1)
 *(.fini0)
 .fini0         0x00001314        0x4 c:/winavr-20100110/bin/../lib/gcc/avr/4.3.3/avr51\libgcc.a(_exit.o)
 *(.fini0)
                0x00001318                _etext = .

.data           0x00800100       0xce load address 0x00001318
                0x00800100                PROVIDE (__data_start, .)
 *(.data)
 .data          0x00800100        0x0 c:/winavr-20100110/bin/../lib/gcc/avr/4.3.3/../../../../avr/lib/avr51/crtm128.o
 .data          0x00800100       0xce Lab5A.o
                0x008001c9                lcdText1
                0x008001cd                volume
                0x008001be                alarm_h
                0x008001c0                hours12_24
                0x008001bf                snuze_h
                0x008001bd                clock_h
                0x008001cb                lcdText2
                0x008001bb                a
                0x008001bc                clock_m
 .data          0x008001ce        0x0 hd44780.o
 .data          0x008001ce        0x0 button7segFunctions.o
 .data          0x008001ce        0x0 encoderFunctions.o
 .data          0x008001ce        0x0 c:/winavr-20100110/bin/../lib/gcc/avr/4.3.3/avr51\libgcc.a(_udivmodqi4.o)
 .data          0x008001ce        0x0 c:/winavr-20100110/bin/../lib/gcc/avr/4.3.3/avr51\libgcc.a(_udivmodhi4.o)
 .data          0x008001ce        0x0 c:/winavr-20100110/bin/../lib/gcc/avr/4.3.3/avr51\libgcc.a(_divmodhi4.o)
 .data          0x008001ce        0x0 c:/winavr-20100110/bin/../lib/gcc/avr/4.3.3/avr51\libgcc.a(_divmodsi4.o)
 .data          0x008001ce        0x0 c:/winavr-20100110/bin/../lib/gcc/avr/4.3.3/avr51\libgcc.a(_exit.o)
 .data          0x008001ce        0x0 c:/winavr-20100110/bin/../lib/gcc/avr/4.3.3/avr51\libgcc.a(_clear_bss.o)
 .data          0x008001ce        0x0 c:/winavr-20100110/bin/../lib/gcc/avr/4.3.3/avr51\libgcc.a(_udivmodsi4.o)
 *(.data*)
 *(.rodata)
 *(.rodata*)
 *(.gnu.linkonce.d*)
                0x008001ce                . = ALIGN (0x2)
                0x008001ce                _edata = .
                0x008001ce                PROVIDE (__data_end, .)

.bss            0x008001ce       0x73
                0x008001ce                PROVIDE (__bss_start, .)
 *(.bss)
 .bss           0x008001ce        0x0 c:/winavr-20100110/bin/../lib/gcc/avr/4.3.3/../../../../avr/lib/avr51/crtm128.o
 .bss           0x008001ce        0xf Lab5A.o
                0x008001ce                b
                0x008001d1                clock_s
                0x008001d3                alarm_m
                0x008001d7                alarmBeep
                0x008001d2                alarm_s
                0x008001cf                STATE
                0x008001d8                segNum
                0x008001d6                am_pm
                0x008001d4                snuze_s
                0x008001da                barNum
                0x008001d5                snuze_m
 .bss           0x008001dd        0x1 hd44780.o
 .bss           0x008001de       0x10 button7segFunctions.o
 .bss           0x008001ee        0x5 encoderFunctions.o
 .bss           0x008001f3        0x0 c:/winavr-20100110/bin/../lib/gcc/avr/4.3.3/avr51\libgcc.a(_udivmodqi4.o)
 .bss           0x008001f3        0x0 c:/winavr-20100110/bin/../lib/gcc/avr/4.3.3/avr51\libgcc.a(_udivmodhi4.o)
 .bss           0x008001f3        0x0 c:/winavr-20100110/bin/../lib/gcc/avr/4.3.3/avr51\libgcc.a(_divmodhi4.o)
 .bss           0x008001f3        0x0 c:/winavr-20100110/bin/../lib/gcc/avr/4.3.3/avr51\libgcc.a(_divmodsi4.o)
 .bss           0x008001f3        0x0 c:/winavr-20100110/bin/../lib/gcc/avr/4.3.3/avr51\libgcc.a(_exit.o)
 .bss           0x008001f3        0x0 c:/winavr-20100110/bin/../lib/gcc/avr/4.3.3/avr51\libgcc.a(_clear_bss.o)
 .bss           0x008001f3        0x0 c:/winavr-20100110/bin/../lib/gcc/avr/4.3.3/avr51\libgcc.a(_udivmodsi4.o)
 *(.bss*)
 *(COMMON)
 COMMON         0x008001f3        0x3 Lab5A.o
                0x008001f3                adc_result
                0x008001f5                i
 COMMON         0x008001f6       0x30 hd44780.o
                0x008001f6                lcd_string_array
                0x00800216                lcd_str
 COMMON         0x00800226       0x1a button7segFunctions.o
                0x00800226                buttonState
                0x00800227                dec_to_7seg
                0x00800233                digitSelect
                0x0080023b                segment_data
 COMMON         0x00800240        0x1 encoderFunctions.o
                0x00800240                encoderState
                0x00800241                PROVIDE (__bss_end, .)
                0x00001318                __data_load_start = LOADADDR (.data)
                0x000013e6                __data_load_end = (__data_load_start + SIZEOF (.data))

.noinit         0x00800241        0x0
                0x00800241                PROVIDE (__noinit_start, .)
 *(.noinit*)
                0x00800241                PROVIDE (__noinit_end, .)
                0x00800241                _end = .
                0x00800241                PROVIDE (__heap_start, .)

.eeprom         0x00810000        0x0
 *(.eeprom*)
                0x00810000                __eeprom_end = .

.fuse
 *(.fuse)
 *(.lfuse)
 *(.hfuse)
 *(.efuse)

.lock
 *(.lock*)

.signature
 *(.signature*)

.stab
 *(.stab)

.stabstr
 *(.stabstr)

.stab.excl
 *(.stab.excl)

.stab.exclstr
 *(.stab.exclstr)

.stab.index
 *(.stab.index)

.stab.indexstr
 *(.stab.indexstr)

.comment
 *(.comment)

.debug
 *(.debug)

.line
 *(.line)

.debug_srcinfo
 *(.debug_srcinfo)

.debug_sfnames
 *(.debug_sfnames)

.debug_aranges  0x00000000       0x80
 *(.debug_aranges)
 .debug_aranges
                0x00000000       0x20 Lab5A.o
 .debug_aranges
                0x00000020       0x20 hd44780.o
 .debug_aranges
                0x00000040       0x20 button7segFunctions.o
 .debug_aranges
                0x00000060       0x20 encoderFunctions.o

.debug_pubnames
                0x00000000      0x3f9
 *(.debug_pubnames)
 .debug_pubnames
                0x00000000      0x196 Lab5A.o
 .debug_pubnames
                0x00000196      0x162 hd44780.o
 .debug_pubnames
                0x000002f8       0x98 button7segFunctions.o
 .debug_pubnames
                0x00000390       0x69 encoderFunctions.o

.debug_info     0x00000000      0xfb2
 *(.debug_info)
 .debug_info    0x00000000      0x4f1 Lab5A.o
 .debug_info    0x000004f1      0x6f2 hd44780.o
 .debug_info    0x00000be3      0x1be button7segFunctions.o
 .debug_info    0x00000da1      0x211 encoderFunctions.o
 *(.gnu.linkonce.wi.*)

.debug_abbrev   0x00000000      0x67d
 *(.debug_abbrev)
 .debug_abbrev  0x00000000      0x1fb Lab5A.o
 .debug_abbrev  0x000001fb      0x25a hd44780.o
 .debug_abbrev  0x00000455      0x10f button7segFunctions.o
 .debug_abbrev  0x00000564      0x119 encoderFunctions.o

.debug_line     0x00000000     0x117a
 *(.debug_line)
 .debug_line    0x00000000      0x647 Lab5A.o
 .debug_line    0x00000647      0x510 hd44780.o
 .debug_line    0x00000b57      0x248 button7segFunctions.o
 .debug_line    0x00000d9f      0x3db encoderFunctions.o

.debug_frame    0x00000000      0x2a0
 *(.debug_frame)
 .debug_frame   0x00000000       0xb0 Lab5A.o
 .debug_frame   0x000000b0      0x150 hd44780.o
 .debug_frame   0x00000200       0x50 button7segFunctions.o
 .debug_frame   0x00000250       0x50 encoderFunctions.o

.debug_str      0x00000000      0x4a4
 *(.debug_str)
 .debug_str     0x00000000      0x23e Lab5A.o
                                0x27d (size before relaxing)
 .debug_str     0x0000023e      0x171 hd44780.o
                                0x293 (size before relaxing)
 .debug_str     0x000003af       0x58 button7segFunctions.o
                                0x12e (size before relaxing)
 .debug_str     0x00000407       0x9d encoderFunctions.o
                                0x1a3 (size before relaxing)

.debug_loc      0x00000000      0x60d
 *(.debug_loc)
 .debug_loc     0x00000000       0x43 Lab5A.o
 .debug_loc     0x00000043      0x4b5 hd44780.o
 .debug_loc     0x000004f8       0x53 button7segFunctions.o
 .debug_loc     0x0000054b       0xc2 encoderFunctions.o

.debug_macinfo
 *(.debug_macinfo)
OUTPUT(Lab5A.elf elf32-avr)
LOAD linker stubs

.debug_ranges   0x00000000       0x78
 .debug_ranges  0x00000000       0x78 Lab5A.o
